// Jest Snapshot v1, https://goo.gl/fbAQLP

exports[`++++ <Header /> ++++ Renders correctly 1`] = `
<div
  className="footer"
>
  Weather data provided by 
  <a
    href="https://openweathermap.org/"
    rel="noopener noreferrer"
    target="_blank"
  >
    https://openweathermap.org/
  </a>
</div>
`;
