// Jest Snapshot v1, https://goo.gl/fbAQLP

exports[`++++ <Header /> ++++ Renders correctly 1`] = `
<div
  className="header"
>
  <WithStyles(ForwardRef(Grid))
    alignItems="center"
    container={true}
    justify="flex-start"
    spacing={1}
  >
    <WithStyles(ForwardRef(Grid))
      item={true}
      xs={1}
    >
      <WithStyles(ForwardRef(Link))
        component={
          Object {
            "$$typeof": Symbol(react.forward_ref),
            "displayName": "Link",
            "propTypes": Object {
              "innerRef": [Function],
              "onClick": [Function],
              "replace": [Function],
              "target": [Function],
              "to": [Function],
            },
            "render": [Function],
          }
        }
        to="/"
      >
        <HomeIcon
          color="primary"
          fontSize="large"
        />
      </WithStyles(ForwardRef(Link))>
    </WithStyles(ForwardRef(Grid))>
    <WithStyles(ForwardRef(Grid))
      item={true}
      xs={11}
    >
      <withRouter(Connect(SearchForm)) />
    </WithStyles(ForwardRef(Grid))>
  </WithStyles(ForwardRef(Grid))>
</div>
`;
