// Jest Snapshot v1, https://goo.gl/fbAQLP

exports[`++++ <SearchForm /> ++++ Renders correctly 1`] = `
<form
  onSubmit={[Function]}
>
  <WithStyles(ForwardRef(Grid))
    alignItems="center"
    container={true}
    spacing={3}
  >
    <WithStyles(ForwardRef(Grid))
      item={true}
      xs={9}
    >
      <WithStyles(ForwardRef(TextField))
        fullWidth={true}
        inputRef={
          Object {
            "current": null,
          }
        }
        label="Find weather forecast"
        onChange={[Function]}
        placeholder="Type city/country name...(e.g. London)"
      />
    </WithStyles(ForwardRef(Grid))>
    <WithStyles(ForwardRef(Grid))
      item={true}
      xs={3}
    >
      <WithStyles(ForwardRef(Button))
        color="secondary"
        variant="outlined"
      >
        Find
      </WithStyles(ForwardRef(Button))>
    </WithStyles(ForwardRef(Grid))>
  </WithStyles(ForwardRef(Grid))>
</form>
`;
